2025-09-10 15:44:24,078 [Worker-5: Loading available Gradle versions] INFO  o.e.b.c.i.u.g.PublishedGradleVersions - Gradle version information cache is not available. Remote download required.
2025-09-10 15:44:59,288 [Worker-8: Importing Maven projects] INFO  o.e.m.c.i.l.LifecycleMappingFactory - Using org.eclipse.m2e.jdt.JarLifecycleMapping lifecycle mapping for MavenProject: com.sena.ecommerce:springEcommerce3063267:0.0.1-SNAPSHOT @ C:\Users\maria\Desktop\springecommerce3063267_2025-main\pom.xml.
2025-09-10 15:45:04,374 [Worker-8: Importing Maven projects] INFO  o.e.m.j.i.AbstractJavaProjectConfigurator - Adding source folder /springEcommerce3063267/src/main/java
2025-09-10 15:45:04,376 [Worker-8: Importing Maven projects] INFO  o.e.m.j.i.AbstractJavaProjectConfigurator - Adding resource folder /springEcommerce3063267/src/main/resources
2025-09-10 15:45:04,388 [Worker-8: Importing Maven projects] INFO  o.e.m.j.i.AbstractJavaProjectConfigurator - Adding resource folder /springEcommerce3063267/src/main/resources
2025-09-10 15:45:04,394 [Worker-8: Importing Maven projects] INFO  o.e.m.j.i.AbstractJavaProjectConfigurator - Adding source folder /springEcommerce3063267/src/test/java
2025-09-10 15:45:04,395 [Worker-8: Importing Maven projects] INFO  o.e.m.j.i.AbstractJavaProjectConfigurator - Adding resource folder /springEcommerce3063267/src/test/resources
2025-09-10 15:45:07,615 [Worker-8: Importing Maven projects] INFO  o.e.m.c.i.p.ProjectConfigurationManager - Imported and configured 1 project(s) in 12 sec
2025-09-10 15:45:08,053 [Worker-6: Updating Maven Project] INFO  o.e.m.c.i.p.ProjectConfigurationManager - Update started
2025-09-10 15:45:08,485 [Worker-6: Updating Maven Project] INFO  o.e.m.c.i.l.LifecycleMappingFactory - Using org.eclipse.m2e.jdt.JarLifecycleMapping lifecycle mapping for MavenProject: com.sena.ecommerce:springEcommerce3063267:0.0.1-SNAPSHOT @ C:\Users\maria\Desktop\springecommerce3063267_2025-main\pom.xml.
2025-09-10 15:45:09,144 [Worker-6: Updating Maven Project] INFO  o.e.m.j.i.AbstractJavaProjectConfigurator - Adding source folder /springEcommerce3063267/src/main/java
2025-09-10 15:45:09,145 [Worker-6: Updating Maven Project] INFO  o.e.m.j.i.AbstractJavaProjectConfigurator - Adding resource folder /springEcommerce3063267/src/main/resources
2025-09-10 15:45:09,145 [Worker-6: Updating Maven Project] INFO  o.e.m.j.i.AbstractJavaProjectConfigurator - Adding resource folder /springEcommerce3063267/src/main/resources
2025-09-10 15:45:09,146 [Worker-6: Updating Maven Project] INFO  o.e.m.j.i.AbstractJavaProjectConfigurator - Adding source folder /springEcommerce3063267/src/test/java
2025-09-10 15:45:09,146 [Worker-6: Updating Maven Project] INFO  o.e.m.j.i.AbstractJavaProjectConfigurator - Adding resource folder /springEcommerce3063267/src/test/resources
2025-09-10 15:45:09,502 [Worker-6: Updating Maven Project] INFO  o.e.m.c.i.p.ProjectConfigurationManager - Update completed for 1 poms: local refresh takes 0.00 sec, refresh facades takes 0.00 sec, update config takes 0.00 sec 
2025-09-10 15:45:09,998 [Worker-8: Building] INFO  o.a.m.s.f.DefaultMavenResourcesFiltering - Copying 1 resource from src\main\resources to target\classes
2025-09-10 15:45:10,018 [Worker-8: Building] INFO  o.a.m.s.f.DefaultMavenResourcesFiltering - Copying 544 resources from src\main\resources to target\classes
2025-09-10 15:45:11,494 [Worker-8: Building] INFO  o.a.m.s.f.DefaultMavenResourcesFiltering - skip non existing resourceDirectory C:\Users\maria\Desktop\springecommerce3063267_2025-main\src\test\resources
2025-09-10 16:14:43,273 [Start Help Server] INFO  org.eclipse.jetty.server.Server - jetty-12.0.21; built: 2025-05-09T00:32:00.688Z; git: 1c4719601e31b05b7d68910d2edd980259f1f53c; jvm 21.0.7+6-LTS
2025-09-10 16:14:43,323 [Start Help Server] INFO  o.e.j.server.handler.ContextHandler - Started oeje8n.ContextHandler$CoreContextHandler@4c6d3380{/help,/help,b=null,a=AVAILABLE,h=oeje8n.ContextHandler$CoreContextHandler$CoreToNestedHandler@303a9894{STARTED}}
2025-09-10 16:14:43,324 [Start Help Server] INFO  o.e.j.s.DefaultSessionIdManager - Session workerName=node0
2025-09-10 16:14:43,344 [Start Help Server] INFO  o.e.jetty.server.AbstractConnector - Started ServerConnector@b43f5a0{HTTP/1.1, (http/1.1)}{127.0.0.1:50925}
2025-09-10 16:14:43,349 [Start Help Server] INFO  org.eclipse.jetty.server.Server - Started oejs.Server@f5d27dc{STARTING}[12.0.21,sto=0] @1890592ms
2025-09-10 16:59:06,849 [Stop Help Server] INFO  org.eclipse.jetty.server.Server - Stopped oejs.Server@f5d27dc{STOPPING}[12.0.21,sto=0]
2025-09-10 16:59:06,870 [Stop Help Server] INFO  o.e.jetty.server.AbstractConnector - Stopped ServerConnector@b43f5a0{HTTP/1.1, (http/1.1)}{127.0.0.1:0}
